<?xml version="1.0" encoding="UTF-8"?>
<testsuites name="jest tests" tests="6" failures="0" errors="0" time="6.871">
  <testsuite name="classes" errors="0" failures="0" skipped="0" timestamp="2020-10-11T11:58:01" time="3.073" tests="3">
    <testcase classname="classes accept 1 className" name="classes accept 1 className" time="0.004">
    </testcase>
    <testcase classname="classes accept 2 classNames" name="classes accept 2 classNames" time="0">
    </testcase>
    <testcase classname="classes accept undefined" name="classes accept undefined" time="0.001">
    </testcase>
  </testsuite>
  <testsuite name="undefined" errors="0" failures="0" skipped="0" timestamp="2020-10-11T11:58:01" time="3.048" tests="1">
    <testcase classname=" hello" name=" hello" time="0.003">
    </testcase>
  </testsuite>
  <testsuite name="icon" errors="0" failures="0" skipped="0" timestamp="2020-10-11T11:58:01" time="3.294" tests="2">
    <testcase classname="icon render" name="icon render" time="0.019">
    </testcase>
    <testcase classname="icon onClick" name="icon onClick" time="0.064">
    </testcase>
  </testsuite>
</testsuites>